[act.hoyolab.com/ys/event/e20240409hoyofair/index35e3.html]
[backblue.gif]
[fade.gif]
[index.html]
[fastcdn.hoyoverse.com/static-resource-v2/2024/04/09/d55a84a94d4d7669df44d3a8537de128_4870384193328131694.png]
[webstatic.hoyoverse.com/dora/biz/mihoyo-event-sentry-sdk/mihoyo-event-sentry-sdk.min.js]
[webstatic.hoyoverse.com/dora/lib/sentry/7.52.1/sentry-vue.tracing.es5.min.js]
[act.hoyolab.com/ys/event/e20240409hoyofair/styles_546cd7b2a89c34836c8f.js]
[act.hoyolab.com/ys/event/e20240409hoyofair/vendors_7505397ec03a2bf8ed08.js]
[act.hoyolab.com/ys/event/e20240409hoyofair/styles_7a0c341105bf886443fc.css]
[act.hoyolab.com/ys/event/e20240409hoyofair/index_0e950ddf2a4e4e0b98c6.js]
[webstatic.hoyoverse.com/dora/lib/vue/2.7.14/vue.runtime.min.js]
[webstatic.hoyoverse.com/dora/biz/mihoyo-browser-tips/v1/main.js]
[webstatic.hoyoverse.com/dora/biz/mihoyo-event-login/v2/main.js]
[webstatic.hoyoverse.com/dora/biz/hoyoverse-account-sdk/main.js]
[act.hoyolab.com/ys/event/e20240409hoyofair/index35e3.html]
[webstatic.hoyoverse.com/dora/biz/mihoyo-analysis/v2/main.js]
[act.hoyolab.com/ys/event/e20240409hoyofair/images/broadcast_pop_bg.9b5cb79f..png]
[act.hoyolab.com/ys/event/e20240409hoyofair/images/save_info_pop_bg.8fd6f807..png]
[act.hoyolab.com/ys/event/e20240409hoyofair/images/save_info_pop_male_icon.c39228bb..png]
[act.hoyolab.com/ys/event/e20240409hoyofair/images/save_info_pop_female_icon.8962b211..png]
[act.hoyolab.com/ys/event/e20240409hoyofair/images/rule_bg.326e8e00..png]
[act.hoyolab.com/ys/event/e20240409hoyofair/images/exit_game_pop_bg.7e55ca06..png]
[act.hoyolab.com/ys/event/e20240409hoyofair/images/deliver_pop_bg.d658c0f7..png]
[act.hoyolab.com/ys/event/e20240409hoyofair/images/dialog_big_box.0afc1fa8..png]
[act.hoyolab.com/ys/event/e20240409hoyofair/images/arena_option_bg_lock.df168589..png]
[act.hoyolab.com/ys/event/e20240409hoyofair/images/arena_option_bg.8240c4c8..png]
[act.hoyolab.com/ys/event/e20240409hoyofair/images/arena_option_bg_hover.90d02393..png]
[act.hoyolab.com/ys/event/e20240409hoyofair/images/keyboard_controls_pop_bg.28f2f485..png]
[act.hoyolab.com/ys/event/e20240409hoyofair/images/more_videos_pop_bg.b883497c..png]
[act.hoyolab.com/ys/event/e20240409hoyofair/images/visitor_box_bg.c0a3422d..png]
[act.hoyolab.com/ys/event/e20240409hoyofair/images/login_box_bg.1e213062..png]
[act.hoyolab.com/ys/event/e20240409hoyofair/styles_7a0c341105bf886443fc.css]
